NOTICE: 03-01 15:36:35:  appas. * 194832406880 [appas.cpp:1426:_work_main] w[解梦 新裤子] ty=10 cat=-1 s=65536 rwn=13028 hcs=0 hty=0 hnz=0 sl=30 gn=30 ws=1 ln=2000 dn=12778 mr=1 hc=0 cc=0 rs=1 th=3 ft=0 nid=0 tbs=245 tt=262 fm=1 w=0 h=0 ala=0 face=0 pnt=0 rt=0 iBsServerId=-1 lm=0 iss=0,0 ist=0 fo=250 fobs=1440 lid=788229 ret=1 abst=33719 style=0 lossLvl=0 qwsign=10102201893801315702 ct=7,83
NOTICE: 03-01 15:36:35:  appas. * 194989754720 [appas.cpp:1426:_work_main] w[嘴巴 黑白 像素 吐槽] ty=10 cat=-1 s=65536 rwn=0 hcs=1 hty=1 hnz=0 sl=210 gn=0 ws=0 ln=2000 dn=46838 mr=1 hc=1 cc=0 rs=1 th=2 ft=0 nid=0 tbs=1 tt=9 fm=0 w=0 h=0 ala=0 face=0 pnt=0 rt=0 iBsServerId=-1 lm=0 iss=0,0 ist=2 fo=0 fobs=0 lid=1746713127 ret=1 abst=0 style=0 lossLvl=0 qwsign=698579786180110438 ct=1,0
NOTICE: 03-01 15:36:35:  appas. * 195073673568 [appas.cpp:1426:_work_main] w[1024 768欧美性感高跟长发美女] ty=10 cat=-1 s=65536 rwn=0 hcs=1 hty=1 hnz=0 sl=210 gn=0 ws=0 ln=3 dn=3 mr=0 hc=1 cc=0 rs=1 th=2 ft=0 nid=0 tbs=0 tt=0 fm=0 w=0 h=0 ala=0 face=0 pnt=0 rt=0 iBsServerId=-1 lm=0 iss=0,0 ist=2 fo=0 fobs=0 lid=1746714099 ret=1 abst=0 style=0 lossLvl=0 qwsign=35133500412241853617 ct=0,0
NOTICE: 03-01 15:36:35:  appas. * 194874366304 [appas.cpp:1426:_work_main] w[1024 768欧美性感高跟长发美女] ty=10 cat=-1 s=65536 rwn=0 hcs=1 hty=1 hnz=0 sl=210 gn=0 ws=0 ln=3 dn=3 mr=0 hc=1 cc=0 rs=1 th=2 ft=0 nid=0 tbs=0 tt=0 fm=0 w=0 h=0 ala=0 face=0 pnt=0 rt=0 iBsServerId=-1 lm=0 iss=0,0 ist=2 fo=0 fobs=0 lid=1746714099 ret=1 abst=0 style=0 lossLvl=0 qwsign=35133500412241853617 ct=0,0
NOTICE: 03-01 15:36:35:  appas. * 195052693856 [appas.cpp:1426:_work_main] w[艾琳娜] ty=13 cat=-1 s=936702770 rwn=0 hcs=0 hty=0 hnz=0 sl=0 gn=0 ws=0 ln=0 dn=0 mr=0 hc=0 cc=0 rs=0 th=0 ft=0 nid=0 tbs=0 tt=0 fm=0 w=0 h=0 ala=0 face=0 pnt=-1 rt=0 iBsServerId=-1 lm=50 iss=0,0 ist=0 fo=0 fobs=0 lid=1746715403 ret=1 abst=0 style=0 lossLvl=0 qwsign=35924456242437340054 ct=0,0
NOTICE: 03-01 15:36:35:  appas. * 194853386592 [appas.cpp:1426:_work_main] w[苹果手机动态壁纸] ty=10 cat=6 s=65536 rwn=0 hcs=1 hty=2 hnz=0 sl=210 gn=0 ws=1 ln=23 dn=19 mr=0 hc=1 cc=0 rs=1 th=0 ft=0 nid=0 tbs=3 tt=3 fm=5 w=0 h=0 ala=0 face=0 pnt=0 rt=0 iBsServerId=6 lm=0 iss=0,0 ist=0 fo=4 fobs=0 lid=1381996 ret=1 abst=0 style=0 lossLvl=0 qwsign=2677151535784442404 ct=3,0
NOTICE: 03-01 15:36:35:  appas. * 194926815584 [appas.cpp:1426:_work_main] w[农村住宅设计] ty=10 cat=-1 s=65536 rwn=0 hcs=1 hty=2 hnz=0 sl=210 gn=0 ws=0 ln=1980 dn=489782 mr=1 hc=1 cc=0 rs=1 th=0 ft=0 nid=0 tbs=10 tt=18 fm=3 w=0 h=0 ala=0 face=0 pnt=0 rt=0 iBsServerId=-1 lm=0 iss=0,0 ist=2 fo=16 fobs=0 lid=1395867 ret=1 abst=0 style=0 lossLvl=0 qwsign=4254654583774600688 ct=10,0
NOTICE: 03-01 15:39:37:  appas. * 194874366304 [appas.cpp:1426:_work_main] w[重温张柏芝黑木耳] ty=10 cat=-1 s=65536 rwn=0 hcs=1 hty=1 hnz=0 sl=210 gn=0 ws=0 ln=1710 dn=1751 mr=1 hc=1 cc=0 rs=1 th=1 ft=0 nid=0 tbs=1 tt=8 fm=0 w=0 h=0 ala=0 face=0 pnt=0 rt=0 iBsServerId=-1 lm=0 iss=0,0 ist=2 fo=22 fobs=0 lid=1764934834 ret=1 abst=0 style=0 lossLvl=0 qwsign=11042570793491199580 ct=1,0
NOTICE: 03-01 15:40:10:  appas. * 194821917024 [appas.cpp:1426:_work_main] w[地下城与勇士] ty=10 cat=-1 s=65536 rwn=0 hcs=1 hty=1 hnz=0 sl=210 gn=0 ws=1 ln=2000 dn=1014392 mr=1 hc=1 cc=0 rs=0 th=0 ft=0 nid=0 tbs=1 tt=9 fm=2 w=360 h=640 ala=0 face=0 pnt=0 rt=0 iBsServerId=-1 lm=0 iss=0,0 ist=0 fo=56 fobs=0 lid=1768232579 ret=1 abst=0 style=0 lossLvl=0 qwsign=23590107861461780409 ct=1,0
NOTICE: 03-01 15:41:40:  appas. * 194821917024 [appas.cpp:1426:_work_main] w[淅川县地图] ty=10 cat=-1 s=65536 rwn=0 hcs=1 hty=1 hnz=0 sl=210 gn=0 ws=0 ln=1386 dn=1612 mr=1 hc=1 cc=0 rs=1 th=1 ft=0 nid=0 tbs=1 tt=6 fm=0 w=0 h=0 ala=0 face=0 pnt=0 rt=0 iBsServerId=-1 lm=0 iss=0,0 ist=2 fo=3 fobs=0 lid=1777175340 ret=1 abst=0 style=0 lossLvl=0 qwsign=16430623896036282 ct=1,0
